// Jest Snapshot v1, https://goo.gl/fbAQLP

exports[`<ListTemplate /> should render the ListTemplate 1`] = `
.c0 {
  width: 100%;
  max-width: 81.25rem;
  margin-left: auto;
  margin-right: auto;
  padding-left: calc(2rem / 2);
  padding-right: calc(2rem / 2);
}

.c1 {
  margin-bottom: 1.75rem;
}

.c2 {
  font-size: 1.875rem;
}

.c3 {
  font-size: 1.25rem;
}

<div
  class="c0"
>
  <div
    class="c1"
  >
    <div
      style="display: flex; align-items: center; gap: 10px;"
    >
      <h2
        class="c2"
      >
        Title
      </h2>
    </div>
    <p
      class="c3"
    >
      Description
    </p>
  </div>
  <p>
    Children
  </p>
</div>
`;
